# serializer version: 1
# name: test_alma8_minimal[exceptions.md]
  '''
  # Exceptions report
  
  Generated: SNAP
  Host: `a8-min`
  
  ## Summary
  - Applied rules: 0
  - Tailored XCCDF rules: 0
  - Declared exceptions: 0
  
  ## Applied rules
  
  ## Tailored XCCDF rules (oscap rules disabled or value-tailored)
  _(none)_
  
  ## Rule exception details
  ## Declared exceptions (from host.yaml)
  _(none)_
  
  '''
# ---
# name: test_alma8_minimal[host.yaml]
  '''
  distro: alma8
  meta:
    release: '9'
    profile: stig
    scap_content: ssg-almalinux8-ds.xml
  system:
    hostname: a8-min
    timezone: UTC
    locale: en_US.UTF-8
    keyboard: us
  network:
    interfaces:
    - device: link
      bootproto: dhcp
      onboot: true
      ip: null
      netmask: null
      gateway: null
      nameservers: []
    dns_search: []
    hostname_from_dhcp: false
  disk:
    preset: stig_server
    layout: null
    luks:
      preset: none
      passphrase: null
      passphrase_file: null
      tang: null
    wipe: true
    bootloader_password: null
    target: null
    data_disks: []
  user:
    admin:
      name: opsadmin
      gecos: ''
      groups:
      - wheel
      shell: /bin/bash
      password: null
      sudo: nopasswd_yes
      authorized_keys:
      - ssh-ed25519 AAAA a@b
  ssh:
    port: 22
    permit_root_login: 'no'
    password_authentication: false
    client_alive_interval: 600
    client_alive_count_max: 1
    max_auth_tries: 4
    use_pam: true
  banner:
    text: 'WARNING: This is a private computer system. Unauthorized access is
  
      prohibited. All activity on this system may be monitored and logged.
  
      Use of this system constitutes consent to such monitoring.
  
      '
    apply_to:
    - issue
    - issue_net
    - motd
    - gdm
  time:
    servers:
    - pool.ntp.org
    chrony_makestep_threshold: 1.0
  crypto:
    policy: MODERN
  packages:
    preset: standard
    base_groups:
    - '@^minimal-environment'
    - '@standard'
    required:
    - scap-security-guide
    - openscap-scanner
    - aide
    - audit
    - rsyslog
    - chrony
    - firewalld
    - sudo
    - policycoreutils-python-utils
    - dnf-automatic
    - dnf-utils
    extra: []
    excluded:
    - telnet-server
    - rsh-server
    - tftp-server
    - vsftpd
    - ypserv
  overrides:
    fips_mode: false
    faillock:
      enable: true
      deny: 3
      unlock_time: 900
      even_deny_root: false
    auditd:
      disk_full_action: SUSPEND
      disk_error_action: SUSPEND
      max_log_file_action: ROTATE
    ssh_keep_open:
      ensure_firewalld_port: true
      ensure_selinux_port: true
      ensure_ufw_port: true
    usbguard:
      enable: false
    kernel_module_blacklist:
      enable: true
      modules:
      - usb-storage
      - cramfs
      - freevxfs
      - jffs2
      - hfs
      - hfsplus
      - squashfs
      - udf
    package_purge:
      enable: true
    dod_root_ca:
      install: false
    unattended_updates:
      enable: true
      nightly_security:
        enable: true
        on_calendar: '*-*-* 02:00:00'
      monthly_full:
        enable: true
        on_calendar: Sun *-*-1..7 02:30:00
      reboot_window:
        enable: true
        on_calendar: Sun *-*-* 03:00:00
  custom_post: []
  exceptions: []
  containers:
    enabled: false
    users: []
    volume:
      size: 20G
      fsoptions: nodev,nosuid
  
  '''
# ---
# name: test_alma8_minimal[ks.cfg]
  '''
  # Generated by ks-gen vSNAP on SNAP
  # Source profile: xccdf_org.ssgproject.content_profile_stig
  # DO NOT EDIT by hand — regenerate with `ks-gen gen --config <yaml>`
  
  text
  lang en_US.UTF-8
  keyboard us
  timezone UTC --utc
  
  network --device=link --bootproto=dhcp --hostname=a8-min --onboot=yes
  
  rootpw --lock
  user --name=opsadmin --lock --groups=wheel --gecos="" --shell=/bin/bash
  bootloader --location=mbr --append="audit=1 audit_backlog_limit=8192"
  
  zerombr
  clearpart --all --initlabel
  part /boot/efi --fstype=efi --size=1024 --asprimary
  part /boot --fstype=xfs --size=1024 --fsoptions="nodev,nosuid" --asprimary
  part pv.01 --grow --size=1
  volgroup vg_root pv.01
  logvol /             --vgname=vg_root --name=root     --fstype=xfs --size=15360
  logvol /home         --vgname=vg_root --name=home     --fstype=xfs --size=5120  --fsoptions="nodev,nosuid"
  logvol /tmp          --vgname=vg_root --name=tmp      --fstype=xfs --size=3072  --fsoptions="nodev,nosuid,noexec"
  logvol /var          --vgname=vg_root --name=var      --fstype=xfs --size=10240 --fsoptions="nodev"
  logvol /var/log      --vgname=vg_root --name=varlog   --fstype=xfs --size=5120  --fsoptions="nodev,nosuid,noexec"
  logvol /var/log/audit --vgname=vg_root --name=varlogaudit --fstype=xfs --size=3072 --fsoptions="nodev,nosuid,noexec"
  logvol /var/tmp      --vgname=vg_root --name=vartmp   --fstype=xfs --size=2048  --fsoptions="nodev,nosuid,noexec"
  logvol swap          --vgname=vg_root --name=swap     --fstype=swap --recommended
  
  services --enabled=chronyd,firewalld,auditd,rsyslog,sshd
  authselect select sssd --force
  
  %packages
  @^minimal-environment
  @standard
  scap-security-guide
  openscap-scanner
  aide
  audit
  rsyslog
  chrony
  firewalld
  sudo
  policycoreutils-python-utils
  dnf-automatic
  dnf-utils
  -telnet-server
  -rsh-server
  -tftp-server
  -vsftpd
  -ypserv
  %end
  
  %post --nochroot --erroronfail --log=/mnt/sysimage/root/ks-post-oscap-fetch.log
  set -euo pipefail
  
  # Stage tailoring.xml into the target rootfs. Runs in the installer
  # environment so both network (http(s)) and the kickstart media at
  # /run/install/repo (hd:LABEL=) are reachable. The chrooted oscap
  # block that follows reads /root/tailoring.xml unconditionally.
  ks_arg=$(awk -F'inst.ks=' 'NF>1{print $2}' /proc/cmdline | awk '{print $1}')
  case "$ks_arg" in
    http://*|https://*)
      base="${ks_arg%/*}"
      curl -fsSL --retry 5 --retry-delay 3 \
        "${base}/tailoring.xml" -o /mnt/sysimage/root/tailoring.xml
      ;;
    hd:LABEL=*)
      cp /run/install/repo/tailoring.xml /mnt/sysimage/root/tailoring.xml
      ;;
    *)
      echo "ks-gen: unsupported inst.ks transport '$ks_arg' (supports http(s) and hd:LABEL=)" >&2
      exit 1
      ;;
  esac
  chmod 0600 /mnt/sysimage/root/tailoring.xml
  %end
  
  %post --erroronfail --log=/root/ks-post-oscap.log
  set -euo pipefail
  
  test -s /root/tailoring.xml
  head -c 5 /root/tailoring.xml | grep -q '<?xml'
  
  # --remediate can exit non-zero when rules remain failed (e.g., exception-
  # disabled rules). The next %post block (ks-gen rule overrides) re-asserts
  # critical state, so don't abort the install on a non-zero oscap exit.
  oscap xccdf eval --remediate \
    --profile xccdf_org.ssgproject.content_profile_stig \
    --fetch-remote-resources \
    --tailoring-file /root/tailoring.xml \
    --results-arf /root/oscap-remediation-results.xml \
    --report /root/oscap-remediation-report.html \
    /usr/share/xml/scap/ssg/content/ssg-almalinux8-ds.xml || true
  %end
  
  %post --erroronfail --log=/root/ks-post.log
  set -euxo pipefail
  
  %end
  
  reboot --eject
  
  '''
# ---
# name: test_alma8_minimal[tailoring.xml]
  '''
  <?xml version='1.0' encoding='UTF-8'?>
  <xccdf:Tailoring xmlns:xccdf="http://checklists.nist.gov/xccdf/1.2" id="xccdf_ks-gen_tailoring_default">
    <xccdf:benchmark href="/usr/share/xml/scap/ssg/content/ssg-almalinux8-ds.xml"/>
    <xccdf:version time="SNAP">1</xccdf:version>
    <xccdf:Profile id="xccdf_ks-gen_profile_tailored" extends="xccdf_org.ssgproject.content_profile_stig">
      <xccdf:title xml:lang="en-US">ks-gen tailored xccdf_org.ssgproject.content_profile_stig</xccdf:title>
      <xccdf:description xml:lang="en-US">Tailoring generated by ks-gen.</xccdf:description>
    </xccdf:Profile>
  </xccdf:Tailoring>
  
  '''
# ---
